[0m11:51:55.662480 [debug] [MainThread]: Sending event: {'category': 'dbt', 'action': 'invocation', 'label': 'start', 'context': [<snowplow_tracker.self_describing_json.SelfDescribingJson object at 0x000002B05B332480>, <snowplow_tracker.self_describing_json.SelfDescribingJson object at 0x000002B05A2CF7A0>, <snowplow_tracker.self_describing_json.SelfDescribingJson object at 0x000002B05B02E120>]}


============================== 11:51:55.712504 | 1e94519a-9937-43fd-a73a-b610f24840f3 ==============================
[0m11:51:55.712504 [info ] [MainThread]: Running with dbt=1.11.6
[0m11:51:55.712504 [debug] [MainThread]: running dbt with arguments {'static_parser': 'True', 'no_print': 'None', 'version_check': 'True', 'target_path': 'None', 'warn_error_options': 'WarnErrorOptionsV2(error=[], warn=[], silence=[])', 'printer_width': '80', 'write_json': 'True', 'empty': 'None', 'log_cache_events': 'False', 'introspect': 'True', 'cache_selected_only': 'False', 'log_format': 'default', 'debug': 'False', 'fail_fast': 'False', 'partial_parse': 'True', 'send_anonymous_usage_stats': 'True', 'quiet': 'False', 'warn_error': 'None', 'profiles_dir': 'C:\\Users\\user\\.dbt', 'use_colors': 'True', 'indirect_selection': 'eager', 'invocation_command': 'dbt init', 'use_experimental_parser': 'False', 'log_path': 'logs'}
[0m11:51:55.793915 [info ] [MainThread]: Creating dbt configuration folder at C:\Users\user\.dbt
[0m11:55:22.338903 [debug] [MainThread]: Starter project path: C:\Users\user\Desktop\DBT\.venv\Lib\site-packages\dbt\include\starter_project
[0m11:55:22.367773 [info ] [MainThread]: 
Your new dbt project "abhi_dbt" was created!

For more information on how to configure the profiles.yml file,
please consult the dbt documentation here:

  https://docs.getdbt.com/docs/configure-your-profile

One more thing:

Need help? Don't hesitate to reach out to us via GitHub issues or on Slack:

  https://community.getdbt.com/

Happy modeling!

[0m11:55:22.368774 [info ] [MainThread]: Setting up your profile.
[0m11:59:01.152611 [debug] [MainThread]: Spark adapter: Setting pyhive.hive logging to ERROR
[0m11:59:01.153616 [debug] [MainThread]: Spark adapter: Setting thrift.transport logging to ERROR
[0m11:59:01.153616 [debug] [MainThread]: Spark adapter: Setting thrift.protocol logging to ERROR
[0m12:04:07.129280 [info ] [MainThread]: Profile abhi_dbt written to C:\Users\user\.dbt\profiles.yml using target's profile_template.yml and your supplied values. Run 'dbt debug' to validate the connection.
[0m12:04:07.131853 [debug] [MainThread]: Command `dbt init` succeeded at 12:04:07.131853 after 731.64 seconds
[0m12:04:07.131853 [debug] [MainThread]: Sending event: {'category': 'dbt', 'action': 'invocation', 'label': 'end', 'context': [<snowplow_tracker.self_describing_json.SelfDescribingJson object at 0x000002B05A2CF7A0>, <snowplow_tracker.self_describing_json.SelfDescribingJson object at 0x000002B06DEFB2C0>, <snowplow_tracker.self_describing_json.SelfDescribingJson object at 0x000002B060958380>]}
[0m12:04:07.132851 [debug] [MainThread]: Flushing usage events
[0m12:04:11.455796 [debug] [MainThread]: An error was encountered while trying to flush usage events
[0m12:04:25.877546 [debug] [MainThread]: Sending event: {'category': 'dbt', 'action': 'invocation', 'label': 'start', 'context': [<snowplow_tracker.self_describing_json.SelfDescribingJson object at 0x000001CA13A0FF80>, <snowplow_tracker.self_describing_json.SelfDescribingJson object at 0x000001CA139F5FD0>, <snowplow_tracker.self_describing_json.SelfDescribingJson object at 0x000001CA13A0EB70>]}


============================== 12:04:25.882539 | 051e5873-dfb0-471d-b3a8-b993c7b0ded1 ==============================
[0m12:04:25.882539 [info ] [MainThread]: Running with dbt=1.11.6
[0m12:04:25.883512 [debug] [MainThread]: running dbt with arguments {'static_parser': 'True', 'no_print': 'None', 'version_check': 'True', 'target_path': 'None', 'warn_error_options': 'WarnErrorOptionsV2(error=[], warn=[], silence=[])', 'printer_width': '80', 'write_json': 'True', 'introspect': 'True', 'log_cache_events': 'False', 'empty': 'None', 'cache_selected_only': 'False', 'fail_fast': 'False', 'debug': 'False', 'log_format': 'default', 'partial_parse': 'True', 'send_anonymous_usage_stats': 'True', 'quiet': 'False', 'warn_error': 'None', 'profiles_dir': 'C:\\Users\\user\\.dbt', 'indirect_selection': 'eager', 'invocation_command': 'dbt debug', 'use_colors': 'True', 'use_experimental_parser': 'False', 'log_path': 'logs'}
[0m12:04:25.910737 [info ] [MainThread]: dbt version: 1.11.6
[0m12:04:25.911759 [info ] [MainThread]: python version: 3.12.0
[0m12:04:25.912736 [info ] [MainThread]: python path: C:\Users\user\Desktop\DBT\.venv\Scripts\python.exe
[0m12:04:25.912736 [info ] [MainThread]: os info: Windows-10-10.0.19045-SP0
[0m12:04:26.962357 [debug] [MainThread]: Spark adapter: Setting pyhive.hive logging to ERROR
[0m12:04:26.963355 [debug] [MainThread]: Spark adapter: Setting thrift.transport logging to ERROR
[0m12:04:26.963355 [debug] [MainThread]: Spark adapter: Setting thrift.protocol logging to ERROR
[0m12:04:27.771705 [info ] [MainThread]: Using profiles dir at C:\Users\user\.dbt
[0m12:04:27.772704 [info ] [MainThread]: Using profiles.yml file at C:\Users\user\.dbt\profiles.yml
[0m12:04:27.773705 [info ] [MainThread]: Using dbt_project.yml file at C:\Users\user\Desktop\DBT\dbt_project.yml
[0m12:04:27.773705 [info ] [MainThread]: adapter type: databricks
[0m12:04:27.774704 [info ] [MainThread]: adapter version: 1.11.6
[0m12:04:27.775704 [info ] [MainThread]: Configuration:
[0m12:04:27.775704 [info ] [MainThread]:   profiles.yml file [[32mOK found and valid[0m]
[0m12:04:27.776704 [info ] [MainThread]:   dbt_project.yml file [[31mERROR not found[0m]
[0m12:04:27.777705 [info ] [MainThread]: Required dependencies:
[0m12:04:27.777705 [debug] [MainThread]: Executing "git --help"
[0m12:04:27.829704 [debug] [MainThread]: STDOUT: "b"usage: git [-v | --version] [-h | --help] [-C <path>] [-c <name>=<value>]\n           [--exec-path[=<path>]] [--html-path] [--man-path] [--info-path]\n           [-p | --paginate | -P | --no-pager] [--no-replace-objects] [--no-lazy-fetch]\n           [--no-optional-locks] [--no-advice] [--bare] [--git-dir=<path>]\n           [--work-tree=<path>] [--namespace=<name>] [--config-env=<name>=<envvar>]\n           <command> [<args>]\n\nThese are common Git commands used in various situations:\n\nstart a working area (see also: git help tutorial)\n   clone      Clone a repository into a new directory\n   init       Create an empty Git repository or reinitialize an existing one\n\nwork on the current change (see also: git help everyday)\n   add        Add file contents to the index\n   mv         Move or rename a file, a directory, or a symlink\n   restore    Restore working tree files\n   rm         Remove files from the working tree and from the index\n\nexamine the history and state (see also: git help revisions)\n   bisect     Use binary search to find the commit that introduced a bug\n   diff       Show changes between commits, commit and working tree, etc\n   grep       Print lines matching a pattern\n   log        Show commit logs\n   show       Show various types of objects\n   status     Show the working tree status\n\ngrow, mark and tweak your common history\n   backfill   Download missing objects in a partial clone\n   branch     List, create, or delete branches\n   commit     Record changes to the repository\n   merge      Join two or more development histories together\n   rebase     Reapply commits on top of another base tip\n   reset      Set `HEAD` or the index to a known state\n   switch     Switch branches\n   tag        Create, list, delete or verify tags\n\ncollaborate (see also: git help workflows)\n   fetch      Download objects and refs from another repository\n   pull       Fetch from and integrate with another repository or a local branch\n   push       Update remote refs along with associated objects\n\n'git help -a' and 'git help -g' list available subcommands and some\nconcept guides. See 'git help <command>' or 'git help <concept>'\nto read about a specific subcommand or concept.\nSee 'git help git' for an overview of the system.\n""
[0m12:04:27.830707 [debug] [MainThread]: STDERR: "b''"
[0m12:04:27.830707 [info ] [MainThread]:  - git [[32mOK found[0m]

[0m12:04:27.831704 [info ] [MainThread]: Connection:
[0m12:04:27.831704 [info ] [MainThread]:   host: dbc-6ffc0e14-006a.cloud.databricks.com
[0m12:04:27.832706 [info ] [MainThread]:   http_path: /sql/1.0/warehouses/4fad91b92ba40081
[0m12:04:27.833654 [info ] [MainThread]:   catalog: dbt
[0m12:04:27.833654 [info ] [MainThread]:   schema: default
[0m12:04:27.834662 [info ] [MainThread]: Registered adapter: databricks=1.11.6
[0m12:04:28.294592 [warn ] [MainThread]: [[33mWARNING[0m]: Use managed Iceberg tables when table_format is iceberg. When this flag is disabled, UniForm is used instead.
You may opt into the new behavior sooner by setting `flags.use_managed_iceberg` to `True` in `dbt_project.yml`.
Visit https://docs.getdbt.com/reference/global-configs/behavior-changes for more information.
[0m12:04:28.295563 [debug] [MainThread]: Sending event: {'category': 'dbt', 'action': 'BehaviorChangeEvent', 'label': '051e5873-dfb0-471d-b3a8-b993c7b0ded1', 'context': [<snowplow_tracker.self_describing_json.SelfDescribingJson object at 0x000001CA2545EFC0>]}
[0m12:04:28.295563 [debug] [MainThread]: Databricks adapter: DatabricksDBTConnection(session-id=None, name=debug) - Creating connection
[0m12:04:28.296563 [debug] [MainThread]: Acquiring new databricks connection 'debug'
[0m12:04:28.296563 [debug] [MainThread]: Using databricks connection "debug"
[0m12:04:28.297563 [debug] [MainThread]: On debug: select 1 as id
[0m12:04:28.297563 [debug] [MainThread]: Opening a new connection, currently in state init
[0m12:04:29.858900 [debug] [MainThread]: Databricks adapter: Connection(session-id=01f1235d-ae92-134c-8ba5-14875d849516) - Created
[0m12:04:51.318218 [debug] [MainThread]: SQL status: OK in 23.020 seconds
[0m12:04:51.324175 [debug] [MainThread]: Databricks adapter: Cursor(session-id=01f1235d-ae92-134c-8ba5-14875d849516, command-id=01f1235d-aedb-1897-83ac-246508db2a04) - Closing
[0m12:04:51.747897 [debug] [MainThread]: On debug: Close
[0m12:04:51.748897 [debug] [MainThread]: Databricks adapter: Connection(session-id=01f1235d-ae92-134c-8ba5-14875d849516) - Closing
[0m12:04:52.112789 [info ] [MainThread]:   Connection test: [[32mOK connection ok[0m]

[0m12:04:52.115753 [info ] [MainThread]: [31m1 check failed:[0m
[0m12:04:52.117744 [info ] [MainThread]: Project loading failed for the following reason:
 project path <C:\Users\user\Desktop\DBT\dbt_project.yml> not found

[0m12:04:52.122744 [debug] [MainThread]: Command `dbt debug` failed at 12:04:52.122744 after 26.42 seconds
[0m12:04:52.125746 [debug] [MainThread]: Sending event: {'category': 'dbt', 'action': 'invocation', 'label': 'end', 'context': [<snowplow_tracker.self_describing_json.SelfDescribingJson object at 0x000001CA14192300>, <snowplow_tracker.self_describing_json.SelfDescribingJson object at 0x000001CA172F9F70>, <snowplow_tracker.self_describing_json.SelfDescribingJson object at 0x000001CA13FC60F0>]}
[0m12:04:52.127783 [debug] [MainThread]: Flushing usage events
[0m12:04:53.740714 [debug] [MainThread]: An error was encountered while trying to flush usage events
